#
# There is insufficient memory for the Java Runtime Environment to continue.
# Native memory allocation (mmap) failed to map 204472320 bytes for G1 virtual space
# Possible reasons:
#   The system is out of physical RAM or swap space
#   The process is running with CompressedOops enabled, and the Java Heap may be blocking the growth of the native heap
# Possible solutions:
#   Reduce memory load on the system
#   Increase physical memory or swap space
#   Check if swap backing store is full
#   Decrease Java heap size (-Xmx/-Xms)
#   Decrease number of Java threads
#   Decrease Java thread stack sizes (-Xss)
#   Set larger code cache with -XX:ReservedCodeCacheSize=
#   JVM is running with Unscaled Compressed Oops mode in which the Java heap is
#     placed in the first 4GB address space. The Java Heap base address is the
#     maximum limit for the native heap growth. Please use -XX:HeapBaseMinAddress
#     to set the Java Heap base and to place the Java Heap above 4GB virtual address.
# This output file may be truncated or incomplete.
#
#  Out of Memory Error (os_windows.cpp:3536), pid=18696, tid=28996
#
# JRE version: OpenJDK Runtime Environment Temurin-19.0.2+7 (19.0.2+7) (build 19.0.2+7)
# Java VM: OpenJDK 64-Bit Server VM Temurin-19.0.2+7 (19.0.2+7, mixed mode, sharing, tiered, compressed oops, compressed class ptrs, g1 gc, windows-amd64)
# No core dump will be written. Minidumps are not enabled by default on client versions of Windows
#

---------------  S U M M A R Y ------------

Command Line: --add-modules=ALL-SYSTEM --add-opens=java.base/java.util=ALL-UNNAMED --add-opens=java.base/java.lang=ALL-UNNAMED -Declipse.application=org.python.pydev.pydev_lsp.application -Dosgi.bundles.defaultStartLevel=4 -Declipse.product=org.python.pydev.pydev_lsp.product -Xmx1G -XX:+UseG1GC -XX:+UseStringDeduplication c:\Users\HP\.vscode\extensions\fabioz.vscode-pydev-0.16.0\server\plugins\org.eclipse.equinox.launcher_1.6.700.v20240213-1244.jar -configuration c:\Users\HP\.vscode\extensions\fabioz.vscode-pydev-0.16.0\server\config_win -data c:\Users\HP\AppData\Roaming\Code\User\workspaceStorage\b2abcefff61fa623f5fbd0580b187448\fabioz.vscode-pydev\pydev_ws

Host: Intel(R) Core(TM) i5-6200U CPU @ 2.30GHz, 4 cores, 3G,  Windows 10 , 64 bit Build 18362 (10.0.18362.1500)
Time: Sun Oct  4 12:11:30 2026 India Standard Time elapsed time: 10.818382 seconds (0d 0h 0m 10s)

---------------  T H R E A D  ---------------

Current thread (0x000001f12f633960):  VMThread "VM Thread" [stack: 0x0000004041a00000,0x0000004041b00000] [id=28996]

Stack: [0x0000004041a00000,0x0000004041b00000]
Native frames: (J=compiled Java code, j=interpreted, Vv=VM code, C=native code)
V  [jvm.dll+0x6e9e1a]
V  [jvm.dll+0x8a36c0]
V  [jvm.dll+0x8a50ae]
V  [jvm.dll+0x8a5763]
V  [jvm.dll+0x27bcdf]
V  [jvm.dll+0x6e6b39]
V  [jvm.dll+0x6db58a]
V  [jvm.dll+0x35267b]
V  [jvm.dll+0x35a106]
V  [jvm.dll+0x3b070e]
V  [jvm.dll+0x3b093f]
V  [jvm.dll+0x327c4a]
V  [jvm.dll+0x327cf7]
V  [jvm.dll+0x370332]
V  [jvm.dll+0x36e7d4]
V  [jvm.dll+0x327410]
V  [jvm.dll+0x36e08d]
V  [jvm.dll+0x8aa883]
V  [jvm.dll+0x8ab649]
V  [jvm.dll+0x8abb7c]
V  [jvm.dll+0x8ac00b]
V  [jvm.dll+0x8ac0c7]
V  [jvm.dll+0x84de3a]
V  [jvm.dll+0x6e8abb]
C  [ucrtbase.dll+0x210b2]
C  [KERNEL32.DLL+0x17c24]
C  [ntdll.dll+0x6d721]

VM_Operation (0x00000040434fcb80): G1TryInitiateConcMark, mode: safepoint, requested by thread 0x000001f1342b69f0


---------------  P R O C E S S  ---------------

Threads class SMR info:
_java_thread_list=0x000001f133b61550, length=23, elements={
0x000001f115b90fd0, 0x000001f12f646fe0, 0x000001f12f647dd0, 0x000001f12f64d290,
0x000001f12f654ad0, 0x000001f12f65ac00, 0x000001f12f6606e0, 0x000001f12f66daf0,
0x000001f12f677690, 0x000001f133818050, 0x000001f12f61d910, 0x000001f1339b3850,
0x000001f133fdf6a0, 0x000001f134034e90, 0x000001f133d8fa70, 0x000001f134027f10,
0x000001f13419af80, 0x000001f134056770, 0x000001f1342b8480, 0x000001f1342b64a0,
0x000001f1342b89d0, 0x000001f1342b69f0, 0x000001f1342b8f20
}

Java Threads: ( => current thread )
  0x000001f115b90fd0 JavaThread "main" [_thread_blocked, id=15560, stack(0x0000004041300000,0x0000004041400000)]
  0x000001f12f646fe0 JavaThread "Reference Handler" daemon [_thread_blocked, id=19140, stack(0x0000004041b00000,0x0000004041c00000)]
  0x000001f12f647dd0 JavaThread "Finalizer" daemon [_thread_blocked, id=5716, stack(0x0000004041c00000,0x0000004041d00000)]
  0x000001f12f64d290 JavaThread "Signal Dispatcher" daemon [_thread_blocked, id=22720, stack(0x0000004041d00000,0x0000004041e00000)]
  0x000001f12f654ad0 JavaThread "Attach Listener" daemon [_thread_blocked, id=28936, stack(0x0000004041e00000,0x0000004041f00000)]
  0x000001f12f65ac00 JavaThread "Service Thread" daemon [_thread_blocked, id=22048, stack(0x0000004041f00000,0x0000004042000000)]
  0x000001f12f6606e0 JavaThread "Monitor Deflation Thread" daemon [_thread_blocked, id=22356, stack(0x0000004042000000,0x0000004042100000)]
  0x000001f12f66daf0 JavaThread "C2 CompilerThread0" daemon [_thread_blocked, id=18832, stack(0x0000004042100000,0x0000004042200000)]
  0x000001f12f677690 JavaThread "C1 CompilerThread0" daemon [_thread_blocked, id=8336, stack(0x0000004042200000,0x0000004042300000)]
  0x000001f133818050 JavaThread "Sweeper thread" daemon [_thread_blocked, id=3280, stack(0x0000004042300000,0x0000004042400000)]
  0x000001f12f61d910 JavaThread "Common-Cleaner" daemon [_thread_blocked, id=25848, stack(0x0000004042400000,0x0000004042500000)]
  0x000001f1339b3850 JavaThread "Notification Thread" daemon [_thread_blocked, id=16456, stack(0x0000004042500000,0x0000004042600000)]
  0x000001f133fdf6a0 JavaThread "Active Thread: Equinox Container: afc70b58-08df-434c-b00f-5d41208c359d" [_thread_blocked, id=15112, stack(0x0000004042a00000,0x0000004042b00000)]
  0x000001f134034e90 JavaThread "Framework Event Dispatcher: Equinox Container: afc70b58-08df-434c-b00f-5d41208c359d" daemon [_thread_blocked, id=12772, stack(0x0000004042b00000,0x0000004042c00000)]
  0x000001f133d8fa70 JavaThread "Start Level: Equinox Container: afc70b58-08df-434c-b00f-5d41208c359d" daemon [_thread_blocked, id=20084, stack(0x0000004042c00000,0x0000004042d00000)]
  0x000001f134027f10 JavaThread "SCR Component Actor" daemon [_thread_blocked, id=28744, stack(0x0000004042d00000,0x0000004042e00000)]
  0x000001f13419af80 JavaThread "Worker-JM" [_thread_blocked, id=22220, stack(0x0000004042f00000,0x0000004043000000)]
  0x000001f134056770 JavaThread "Worker-0" [_thread_blocked, id=25488, stack(0x0000004043000000,0x0000004043100000)]
  0x000001f1342b8480 JavaThread "Worker-1" [_thread_blocked, id=10584, stack(0x0000004043100000,0x0000004043200000)]
  0x000001f1342b64a0 JavaThread "Worker-2" [_thread_blocked, id=18060, stack(0x0000004043200000,0x0000004043300000)]
  0x000001f1342b89d0 JavaThread "pool-2-thread-1" [_thread_blocked, id=26752, stack(0x0000004043300000,0x0000004043400000)]
  0x000001f1342b69f0 JavaThread "pool-1-thread-1" [_thread_blocked, id=12284, stack(0x0000004043400000,0x0000004043500000)]
  0x000001f1342b8f20 JavaThread "ForkJoinPool.commonPool-worker-1" daemon [_thread_blocked, id=16144, stack(0x0000004043500000,0x0000004043600000)]

Other Threads:
=>0x000001f12f633960 VMThread "VM Thread" [stack: 0x0000004041a00000,0x0000004041b00000] [id=28996]
  0x000001f13393afc0 WatcherThread "VM Periodic Task Thread" [stack: 0x0000004042600000,0x0000004042700000] [id=7752]
  0x000001f115bd4f20 WorkerThread "GC Thread#0" [stack: 0x0000004041400000,0x0000004041500000] [id=18164]
  0x000001f133c068d0 WorkerThread "GC Thread#1" [stack: 0x0000004042700000,0x0000004042800000] [id=7504]
  0x000001f133f7ac80 WorkerThread "GC Thread#2" [stack: 0x0000004042800000,0x0000004042900000] [id=21072]
  0x000001f133cffe20 WorkerThread "GC Thread#3" [stack: 0x0000004042900000,0x0000004042a00000] [id=27216]
  0x000001f115bdeb90 ConcurrentGCThread "G1 Main Marker" [stack: 0x0000004041500000,0x0000004041600000] [id=29624]
  0x000001f115bdf5c0 WorkerThread "G1 Conc#0" [stack: 0x0000004041600000,0x0000004041700000] [id=8676]
  0x000001f12f4e6010 ConcurrentGCThread "G1 Refine#0" [stack: 0x0000004041700000,0x0000004041800000] [id=15152]
  0x000001f12f4e6a60 ConcurrentGCThread "G1 Service" [stack: 0x0000004041800000,0x0000004041900000] [id=26416]
  0x000001f12f62de60 ConcurrentGCThread "StringDedupProcessor" [stack: 0x0000004041900000,0x0000004041a00000] [id=10096]

Threads with active compile tasks:
C2 CompilerThread0    10976 3139       4       org.python.pydev.ast.codecompletion.revisited.PyPublicTreeMap$KeyIterator::next (8 bytes)

VM state: at safepoint (normal execution)

VM Mutex/Monitor currently owned by a thread:  ([mutex/lock_event])
[0x000001f115b8ea20] Threads_lock - owner thread: 0x000001f12f633960
[0x000001f115b8e3f0] Heap_lock - owner thread: 0x000001f1342b69f0

Heap address: 0x00000000c0000000, size: 1024 MB, Compressed Oops mode: 32-bit

CDS archive(s) mapped at: [0x0000000800000000-0x0000000800ad0000-0x0000000800ad0000), size 11337728, SharedBaseAddress: 0x0000000800000000, ArchiveRelocationMode: 0.
Compressed class space mapped at: 0x0000000800c00000-0x0000000840c00000, reserved size: 1073741824
Narrow klass base: 0x0000000800000000, Narrow klass shift: 0, Narrow klass range: 0x100000000

GC Precious Log:
 CardTable entry size: 512
 Card Set container configuration: InlinePtr #cards 5 size 8 Array Of Cards #cards 12 size 40 Howl #buckets 4 coarsen threshold 1843 Howl Bitmap #cards 512 size 80 coarsen threshold 460 Card regions per heap region 1 cards per card region 2048
 CPUs: 4 total, 4 available
 Memory: 3993M
 Large Page Support: Disabled
 NUMA Support: Disabled
 Compressed Oops: Enabled (32-bit)
 Heap Region Size: 1M
 Heap Min Capacity: 8M
 Heap Initial Capacity: 64M
 Heap Max Capacity: 1G
 Pre-touch: Disabled
 Parallel Workers: 4
 Concurrent Workers: 1
 Concurrent Refinement Workers: 4
 Periodic GC: Disabled
 String Deduplication is enabled

Heap:
 garbage-first heap   total 163840K, used 77672K [0x00000000c0000000, 0x0000000100000000)
  region size 1024K, 0 young (0K), 0 survivors (0K)
 Metaspace       used 21506K, committed 22144K, reserved 1114112K
  class space    used 2270K, committed 2496K, reserved 1048576K

Heap Regions: E=young(eden), S=young(survivor), O=old, HS=humongous(starts), HC=humongous(continues), CS=collection set, F=free, OA=open archive, CA=closed archive, TAMS=top-at-mark-start (previous, next)
|   0|0x00000000c0000000, 0x00000000c0100000, 0x00000000c0100000|100%| O|  |TAMS 0x00000000c0100000, 0x00000000c0100000| Untracked 
|   1|0x00000000c0100000, 0x00000000c0200000, 0x00000000c0200000|100%| O|  |TAMS 0x00000000c0200000, 0x00000000c0200000| Untracked 
|   2|0x00000000c0200000, 0x00000000c0300000, 0x00000000c0300000|100%| O|  |TAMS 0x00000000c0300000, 0x00000000c0300000| Untracked 
|   3|0x00000000c0300000, 0x00000000c0400000, 0x00000000c0400000|100%| O|  |TAMS 0x00000000c0300000, 0x00000000c0300000| Untracked 
|   4|0x00000000c0400000, 0x00000000c0500000, 0x00000000c0500000|100%| O|  |TAMS 0x00000000c0400000, 0x00000000c0400000| Untracked 
|   5|0x00000000c0500000, 0x00000000c0500000, 0x00000000c0600000|  0%| F|  |TAMS 0x00000000c0500000, 0x00000000c0500000| Untracked 
|   6|0x00000000c0600000, 0x00000000c0600000, 0x00000000c0700000|  0%| F|  |TAMS 0x00000000c0600000, 0x00000000c0600000| Untracked 
|   7|0x00000000c0700000, 0x00000000c0700000, 0x00000000c0800000|  0%| F|  |TAMS 0x00000000c0700000, 0x00000000c0700000| Untracked 
|   8|0x00000000c0800000, 0x00000000c0900000, 0x00000000c0900000|100%| O|  |TAMS 0x00000000c0800000, 0x00000000c0900000| Untracked 
|   9|0x00000000c0900000, 0x00000000c0a00000, 0x00000000c0a00000|100%| O|  |TAMS 0x00000000c0900000, 0x00000000c0980000| Untracked 
|  10|0x00000000c0a00000, 0x00000000c0b00000, 0x00000000c0b00000|100%| O|  |TAMS 0x00000000c0a00000, 0x00000000c0a00000| Untracked 
|  11|0x00000000c0b00000, 0x00000000c0bda000, 0x00000000c0c00000| 85%| O|  |TAMS 0x00000000c0b00000, 0x00000000c0b00000| Untracked 
|  12|0x00000000c0c00000, 0x00000000c0d00000, 0x00000000c0d00000|100%| O|  |TAMS 0x00000000c0c00000, 0x00000000c0d00000| Untracked 
|  13|0x00000000c0d00000, 0x00000000c0e00000, 0x00000000c0e00000|100%| O|  |TAMS 0x00000000c0d00000, 0x00000000c0e00000| Untracked 
|  14|0x00000000c0e00000, 0x00000000c0f00000, 0x00000000c0f00000|100%| O|  |TAMS 0x00000000c0f00000, 0x00000000c0f00000| Untracked 
|  15|0x00000000c0f00000, 0x00000000c1000000, 0x00000000c1000000|100%| O|  |TAMS 0x00000000c1000000, 0x00000000c1000000| Untracked 
|  16|0x00000000c1000000, 0x00000000c1100000, 0x00000000c1100000|100%| O|  |TAMS 0x00000000c1100000, 0x00000000c1100000| Untracked 
|  17|0x00000000c1100000, 0x00000000c1200000, 0x00000000c1200000|100%| O|  |TAMS 0x00000000c1200000, 0x00000000c1200000| Untracked 
|  18|0x00000000c1200000, 0x00000000c1300000, 0x00000000c1300000|100%| O|  |TAMS 0x00000000c1300000, 0x00000000c1300000| Untracked 
|  19|0x00000000c1300000, 0x00000000c1400000, 0x00000000c1400000|100%| O|  |TAMS 0x00000000c1400000, 0x00000000c1400000| Untracked 
|  20|0x00000000c1400000, 0x00000000c1500000, 0x00000000c1500000|100%| O|  |TAMS 0x00000000c1500000, 0x00000000c1500000| Untracked 
|  21|0x00000000c1500000, 0x00000000c1600000, 0x00000000c1600000|100%| O|  |TAMS 0x00000000c1600000, 0x00000000c1600000| Untracked 
|  22|0x00000000c1600000, 0x00000000c1700000, 0x00000000c1700000|100%| O|  |TAMS 0x00000000c1700000, 0x00000000c1700000| Untracked 
|  23|0x00000000c1700000, 0x00000000c1700000, 0x00000000c1800000|  0%| F|  |TAMS 0x00000000c1700000, 0x00000000c1700000| Untracked 
|  24|0x00000000c1800000, 0x00000000c1800000, 0x00000000c1900000|  0%| F|  |TAMS 0x00000000c1800000, 0x00000000c1800000| Untracked 
|  25|0x00000000c1900000, 0x00000000c1900000, 0x00000000c1a00000|  0%| F|  |TAMS 0x00000000c1900000, 0x00000000c1900000| Untracked 
|  26|0x00000000c1a00000, 0x00000000c1b00000, 0x00000000c1b00000|100%| O|  |TAMS 0x00000000c1a00000, 0x00000000c1b00000| Untracked 
|  27|0x00000000c1b00000, 0x00000000c1c00000, 0x00000000c1c00000|100%| O|  |TAMS 0x00000000c1b00000, 0x00000000c1c00000| Untracked 
|  28|0x00000000c1c00000, 0x00000000c1d00000, 0x00000000c1d00000|100%| O|  |TAMS 0x00000000c1d00000, 0x00000000c1d00000| Untracked 
|  29|0x00000000c1d00000, 0x00000000c1e00000, 0x00000000c1e00000|100%| O|  |TAMS 0x00000000c1d89e00, 0x00000000c1e00000| Untracked 
|  30|0x00000000c1e00000, 0x00000000c1f00000, 0x00000000c1f00000|100%| O|  |TAMS 0x00000000c1e00000, 0x00000000c1f00000| Untracked 
|  31|0x00000000c1f00000, 0x00000000c2000000, 0x00000000c2000000|100%| O|  |TAMS 0x00000000c1f00000, 0x00000000c2000000| Untracked 
|  32|0x00000000c2000000, 0x00000000c2100000, 0x00000000c2100000|100%| O|  |TAMS 0x00000000c2000000, 0x00000000c2100000| Untracked 
|  33|0x00000000c2100000, 0x00000000c2200000, 0x00000000c2200000|100%| O|  |TAMS 0x00000000c2100000, 0x00000000c2200000| Untracked 
|  34|0x00000000c2200000, 0x00000000c2300000, 0x00000000c2300000|100%| O|  |TAMS 0x00000000c2200000, 0x00000000c2300000| Untracked 
|  35|0x00000000c2300000, 0x00000000c2400000, 0x00000000c2400000|100%| O|  |TAMS 0x00000000c2300000, 0x00000000c2400000| Untracked 
|  36|0x00000000c2400000, 0x00000000c2500000, 0x00000000c2500000|100%| O|  |TAMS 0x00000000c2400000, 0x00000000c2500000| Untracked 
|  37|0x00000000c2500000, 0x00000000c2600000, 0x00000000c2600000|100%| O|  |TAMS 0x00000000c2500000, 0x00000000c2600000| Untracked 
|  38|0x00000000c2600000, 0x00000000c2700000, 0x00000000c2700000|100%|HS|  |TAMS 0x00000000c2600000, 0x00000000c2700000| Complete 
|  39|0x00000000c2700000, 0x00000000c2800000, 0x00000000c2800000|100%|HC|  |TAMS 0x00000000c2700000, 0x00000000c2800000| Complete 
|  40|0x00000000c2800000, 0x00000000c2900000, 0x00000000c2900000|100%|HC|  |TAMS 0x00000000c2800000, 0x00000000c2900000| Complete 
|  41|0x00000000c2900000, 0x00000000c2a00000, 0x00000000c2a00000|100%|HC|  |TAMS 0x00000000c2900000, 0x00000000c2a00000| Complete 
|  42|0x00000000c2a00000, 0x00000000c2b00000, 0x00000000c2b00000|100%|HC|  |TAMS 0x00000000c2a00000, 0x00000000c2b00000| Complete 
|  43|0x00000000c2b00000, 0x00000000c2c00000, 0x00000000c2c00000|100%|HC|  |TAMS 0x00000000c2b00000, 0x00000000c2c00000| Complete 
|  44|0x00000000c2c00000, 0x00000000c2c00000, 0x00000000c2d00000|  0%| F|  |TAMS 0x00000000c2c00000, 0x00000000c2c00000| Untracked 
|  45|0x00000000c2d00000, 0x00000000c2d00000, 0x00000000c2e00000|  0%| F|  |TAMS 0x00000000c2d00000, 0x00000000c2d00000| Untracked 
|  46|0x00000000c2e00000, 0x00000000c2e00000, 0x00000000c2f00000|  0%| F|  |TAMS 0x00000000c2e00000, 0x00000000c2e00000| Untracked 
|  47|0x00000000c2f00000, 0x00000000c2f00000, 0x00000000c3000000|  0%| F|  |TAMS 0x00000000c2f00000, 0x00000000c2f00000| Untracked 
|  48|0x00000000c3000000, 0x00000000c3000000, 0x00000000c3100000|  0%| F|  |TAMS 0x00000000c3000000, 0x00000000c3000000| Untracked 
|  49|0x00000000c3100000, 0x00000000c3100000, 0x00000000c3200000|  0%| F|  |TAMS 0x00000000c3100000, 0x00000000c3100000| Untracked 
|  50|0x00000000c3200000, 0x00000000c3200000, 0x00000000c3300000|  0%| F|  |TAMS 0x00000000c3200000, 0x00000000c3200000| Untracked 
|  51|0x00000000c3300000, 0x00000000c3400000, 0x00000000c3400000|100%| O|  |TAMS 0x00000000c3300000, 0x00000000c3400000| Untracked 
|  52|0x00000000c3400000, 0x00000000c3400000, 0x00000000c3500000|  0%| F|  |TAMS 0x00000000c3400000, 0x00000000c3400000| Untracked 
|  53|0x00000000c3500000, 0x00000000c3500000, 0x00000000c3600000|  0%| F|  |TAMS 0x00000000c3500000, 0x00000000c3500000| Untracked 
|  54|0x00000000c3600000, 0x00000000c3600000, 0x00000000c3700000|  0%| F|  |TAMS 0x00000000c3600000, 0x00000000c3600000| Untracked 
|  55|0x00000000c3700000, 0x00000000c3700000, 0x00000000c3800000|  0%| F|  |TAMS 0x00000000c3700000, 0x00000000c3700000| Untracked 
|  56|0x00000000c3800000, 0x00000000c3800000, 0x00000000c3900000|  0%| F|  |TAMS 0x00000000c3800000, 0x00000000c3800000| Untracked 
|  57|0x00000000c3900000, 0x00000000c3900000, 0x00000000c3a00000|  0%| F|  |TAMS 0x00000000c3900000, 0x00000000c3900000| Untracked 
|  58|0x00000000c3a00000, 0x00000000c3a00000, 0x00000000c3b00000|  0%| F|  |TAMS 0x00000000c3a00000, 0x00000000c3a00000| Untracked 
|  59|0x00000000c3b00000, 0x00000000c3b00000, 0x00000000c3c00000|  0%| F|  |TAMS 0x00000000c3b00000, 0x00000000c3b00000| Untracked 
|  60|0x00000000c3c00000, 0x00000000c3d00000, 0x00000000c3d00000|100%| O|  |TAMS 0x00000000c3c00000, 0x00000000c3d00000| Untracked 
|  61|0x00000000c3d00000, 0x00000000c3e00000, 0x00000000c3e00000|100%| O|  |TAMS 0x00000000c3d00000, 0x00000000c3e00000| Untracked 
|  62|0x00000000c3e00000, 0x00000000c3f00000, 0x00000000c3f00000|100%| O|  |TAMS 0x00000000c3e00000, 0x00000000c3f00000| Untracked 
|  63|0x00000000c3f00000, 0x00000000c4000000, 0x00000000c4000000|100%| O|  |TAMS 0x00000000c3f00000, 0x00000000c4000000| Untracked 
|  64|0x00000000c4000000, 0x00000000c4100000, 0x00000000c4100000|100%| O|  |TAMS 0x00000000c4000000, 0x00000000c4100000| Untracked 
|  65|0x00000000c4100000, 0x00000000c4200000, 0x00000000c4200000|100%| O|  |TAMS 0x00000000c4100000, 0x00000000c4200000| Untracked 
|  66|0x00000000c4200000, 0x00000000c4300000, 0x00000000c4300000|100%| O|  |TAMS 0x00000000c4200000, 0x00000000c4300000| Untracked 
|  67|0x00000000c4300000, 0x00000000c4400000, 0x00000000c4400000|100%| O|  |TAMS 0x00000000c4300000, 0x00000000c4400000| Untracked 
|  68|0x00000000c4400000, 0x00000000c4500000, 0x00000000c4500000|100%| O|  |TAMS 0x00000000c4400000, 0x00000000c4500000| Untracked 
|  69|0x00000000c4500000, 0x00000000c4500000, 0x00000000c4600000|  0%| F|  |TAMS 0x00000000c4500000, 0x00000000c4500000| Untracked 
|  70|0x00000000c4600000, 0x00000000c4600000, 0x00000000c4700000|  0%| F|  |TAMS 0x00000000c4600000, 0x00000000c4600000| Untracked 
|  71|0x00000000c4700000, 0x00000000c4700000, 0x00000000c4800000|  0%| F|  |TAMS 0x00000000c4700000, 0x00000000c4700000| Untracked 
|  72|0x00000000c4800000, 0x00000000c4800000, 0x00000000c4900000|  0%| F|  |TAMS 0x00000000c4800000, 0x00000000c4800000| Untracked 
|  73|0x00000000c4900000, 0x00000000c4900000, 0x00000000c4a00000|  0%| F|  |TAMS 0x00000000c4900000, 0x00000000c4900000| Untracked 
|  74|0x00000000c4a00000, 0x00000000c4a00000, 0x00000000c4b00000|  0%| F|  |TAMS 0x00000000c4a00000, 0x00000000c4a00000| Untracked 
|  75|0x00000000c4b00000, 0x00000000c4b00000, 0x00000000c4c00000|  0%| F|  |TAMS 0x00000000c4b00000, 0x00000000c4b00000| Untracked 
|  76|0x00000000c4c00000, 0x00000000c4c00000, 0x00000000c4d00000|  0%| F|  |TAMS 0x00000000c4c00000, 0x00000000c4c00000| Untracked 
|  77|0x00000000c4d00000, 0x00000000c4d00000, 0x00000000c4e00000|  0%| F|  |TAMS 0x00000000c4d00000, 0x00000000c4d00000| Untracked 
|  78|0x00000000c4e00000, 0x00000000c4e00000, 0x00000000c4f00000|  0%| F|  |TAMS 0x00000000c4e00000, 0x00000000c4e00000| Untracked 
|  79|0x00000000c4f00000, 0x00000000c4f00000, 0x00000000c5000000|  0%| F|  |TAMS 0x00000000c4f00000, 0x00000000c4f00000| Untracked 
|  80|0x00000000c5000000, 0x00000000c5000000, 0x00000000c5100000|  0%| F|  |TAMS 0x00000000c5000000, 0x00000000c5000000| Untracked 
|  81|0x00000000c5100000, 0x00000000c5100000, 0x00000000c5200000|  0%| F|  |TAMS 0x00000000c5100000, 0x00000000c5100000| Untracked 
|  82|0x00000000c5200000, 0x00000000c5200000, 0x00000000c5300000|  0%| F|  |TAMS 0x00000000c5200000, 0x00000000c5200000| Untracked 
|  83|0x00000000c5300000, 0x00000000c5300000, 0x00000000c5400000|  0%| F|  |TAMS 0x00000000c5300000, 0x00000000c5300000| Untracked 
|  84|0x00000000c5400000, 0x00000000c5400000, 0x00000000c5500000|  0%| F|  |TAMS 0x00000000c5400000, 0x00000000c5400000| Untracked 
|  85|0x00000000c5500000, 0x00000000c5500000, 0x00000000c5600000|  0%| F|  |TAMS 0x00000000c5500000, 0x00000000c5500000| Untracked 
|  86|0x00000000c5600000, 0x00000000c5600000, 0x00000000c5700000|  0%| F|  |TAMS 0x00000000c5600000, 0x00000000c5600000| Untracked 
|  87|0x00000000c5700000, 0x00000000c5700000, 0x00000000c5800000|  0%| F|  |TAMS 0x00000000c5700000, 0x00000000c5700000| Untracked 
|  88|0x00000000c5800000, 0x00000000c5800000, 0x00000000c5900000|  0%| F|  |TAMS 0x00000000c5800000, 0x00000000c5800000| Untracked 
|  89|0x00000000c5900000, 0x00000000c5900000, 0x00000000c5a00000|  0%| F|  |TAMS 0x00000000c5900000, 0x00000000c5900000| Untracked 
|  90|0x00000000c5a00000, 0x00000000c5a00000, 0x00000000c5b00000|  0%| F|  |TAMS 0x00000000c5a00000, 0x00000000c5a00000| Untracked 
|  91|0x00000000c5b00000, 0x00000000c5b00000, 0x00000000c5c00000|  0%| F|  |TAMS 0x00000000c5b00000, 0x00000000c5b00000| Untracked 
|  92|0x00000000c5c00000, 0x00000000c5c00000, 0x00000000c5d00000|  0%| F|  |TAMS 0x00000000c5c00000, 0x00000000c5c00000| Untracked 
|  93|0x00000000c5d00000, 0x00000000c5d00000, 0x00000000c5e00000|  0%| F|  |TAMS 0x00000000c5d00000, 0x00000000c5d00000| Untracked 
|  94|0x00000000c5e00000, 0x00000000c5e00000, 0x00000000c5f00000|  0%| F|  |TAMS 0x00000000c5e00000, 0x00000000c5e00000| Untracked 
|  95|0x00000000c5f00000, 0x00000000c5f00000, 0x00000000c6000000|  0%| F|  |TAMS 0x00000000c5f00000, 0x00000000c5f00000| Untracked 
|  96|0x00000000c6000000, 0x00000000c6000000, 0x00000000c6100000|  0%| F|  |TAMS 0x00000000c6000000, 0x00000000c6000000| Untracked 
|  97|0x00000000c6100000, 0x00000000c6100000, 0x00000000c6200000|  0%| F|  |TAMS 0x00000000c6100000, 0x00000000c6100000| Untracked 
|  98|0x00000000c6200000, 0x00000000c6200000, 0x00000000c6300000|  0%| F|  |TAMS 0x00000000c6200000, 0x00000000c6200000| Untracked 
|  99|0x00000000c6300000, 0x00000000c6300000, 0x00000000c6400000|  0%| F|  |TAMS 0x00000000c6300000, 0x00000000c6300000| Untracked 
| 100|0x00000000c6400000, 0x00000000c6400000, 0x00000000c6500000|  0%| F|  |TAMS 0x00000000c6400000, 0x00000000c6400000| Untracked 
| 101|0x00000000c6500000, 0x00000000c6500000, 0x00000000c6600000|  0%| F|  |TAMS 0x00000000c6500000, 0x00000000c6500000| Untracked 
| 102|0x00000000c6600000, 0x00000000c6600000, 0x00000000c6700000|  0%| F|  |TAMS 0x00000000c6600000, 0x00000000c6600000| Untracked 
| 103|0x00000000c6700000, 0x00000000c6700000, 0x00000000c6800000|  0%| F|  |TAMS 0x00000000c6700000, 0x00000000c6700000| Untracked 
| 104|0x00000000c6800000, 0x00000000c6800000, 0x00000000c6900000|  0%| F|  |TAMS 0x00000000c6800000, 0x00000000c6800000| Untracked 
| 105|0x00000000c6900000, 0x00000000c6900000, 0x00000000c6a00000|  0%| F|  |TAMS 0x00000000c6900000, 0x00000000c6900000| Untracked 
| 106|0x00000000c6a00000, 0x00000000c6a00000, 0x00000000c6b00000|  0%| F|  |TAMS 0x00000000c6a00000, 0x00000000c6a00000| Untracked 
| 107|0x00000000c6b00000, 0x00000000c6b00000, 0x00000000c6c00000|  0%| F|  |TAMS 0x00000000c6b00000, 0x00000000c6b00000| Untracked 
| 108|0x00000000c6c00000, 0x00000000c6c00000, 0x00000000c6d00000|  0%| F|  |TAMS 0x00000000c6c00000, 0x00000000c6c00000| Untracked 
| 109|0x00000000c6d00000, 0x00000000c6d00000, 0x00000000c6e00000|  0%| F|  |TAMS 0x00000000c6d00000, 0x00000000c6d00000| Untracked 
| 110|0x00000000c6e00000, 0x00000000c6e00000, 0x00000000c6f00000|  0%| F|  |TAMS 0x00000000c6e00000, 0x00000000c6e00000| Untracked 
| 111|0x00000000c6f00000, 0x00000000c6f00000, 0x00000000c7000000|  0%| F|  |TAMS 0x00000000c6f00000, 0x00000000c6f00000| Untracked 
| 112|0x00000000c7000000, 0x00000000c7000000, 0x00000000c7100000|  0%| F|  |TAMS 0x00000000c7000000, 0x00000000c7000000| Untracked 
| 113|0x00000000c7100000, 0x00000000c7100000, 0x00000000c7200000|  0%| F|  |TAMS 0x00000000c7100000, 0x00000000c7100000| Untracked 
| 114|0x00000000c7200000, 0x00000000c7200000, 0x00000000c7300000|  0%| F|  |TAMS 0x00000000c7200000, 0x00000000c7200000| Untracked 
| 115|0x00000000c7300000, 0x00000000c7300000, 0x00000000c7400000|  0%| F|  |TAMS 0x00000000c7300000, 0x00000000c7300000| Untracked 
| 116|0x00000000c7400000, 0x00000000c7400000, 0x00000000c7500000|  0%| F|  |TAMS 0x00000000c7400000, 0x00000000c7400000| Untracked 
| 117|0x00000000c7500000, 0x00000000c7500000, 0x00000000c7600000|  0%| F|  |TAMS 0x00000000c7500000, 0x00000000c7500000| Untracked 
| 118|0x00000000c7600000, 0x00000000c7600000, 0x00000000c7700000|  0%| F|  |TAMS 0x00000000c7600000, 0x00000000c7600000| Untracked 
| 119|0x00000000c7700000, 0x00000000c7700000, 0x00000000c7800000|  0%| F|  |TAMS 0x00000000c7700000, 0x00000000c7700000| Untracked 
| 120|0x00000000c7800000, 0x00000000c7800000, 0x00000000c7900000|  0%| F|  |TAMS 0x00000000c7800000, 0x00000000c7800000| Untracked 
| 121|0x00000000c7900000, 0x00000000c7900000, 0x00000000c7a00000|  0%| F|  |TAMS 0x00000000c7900000, 0x00000000c7900000| Untracked 
| 122|0x00000000c7a00000, 0x00000000c7a00000, 0x00000000c7b00000|  0%| F|  |TAMS 0x00000000c7a00000, 0x00000000c7a00000| Untracked 
| 123|0x00000000c7b00000, 0x00000000c7b00000, 0x00000000c7c00000|  0%| F|  |TAMS 0x00000000c7b00000, 0x00000000c7b00000| Untracked 
| 124|0x00000000c7c00000, 0x00000000c7c00000, 0x00000000c7d00000|  0%| F|  |TAMS 0x00000000c7c00000, 0x00000000c7c00000| Untracked 
| 125|0x00000000c7d00000, 0x00000000c7d00000, 0x00000000c7e00000|  0%| F|  |TAMS 0x00000000c7d00000, 0x00000000c7d00000| Untracked 
| 126|0x00000000c7e00000, 0x00000000c7e00000, 0x00000000c7f00000|  0%| F|  |TAMS 0x00000000c7e00000, 0x00000000c7e00000| Untracked 
| 127|0x00000000c7f00000, 0x00000000c7f00000, 0x00000000c8000000|  0%| F|  |TAMS 0x00000000c7f00000, 0x00000000c7f00000| Untracked 
| 128|0x00000000c8000000, 0x00000000c8000000, 0x00000000c8100000|  0%| F|  |TAMS 0x00000000c8000000, 0x00000000c8000000| Untracked 
| 129|0x00000000c8100000, 0x00000000c8100000, 0x00000000c8200000|  0%| F|  |TAMS 0x00000000c8100000, 0x00000000c8100000| Untracked 
| 130|0x00000000c8200000, 0x00000000c8200000, 0x00000000c8300000|  0%| F|  |TAMS 0x00000000c8200000, 0x00000000c8200000| Untracked 
| 131|0x00000000c8300000, 0x00000000c8300000, 0x00000000c8400000|  0%| F|  |TAMS 0x00000000c8300000, 0x00000000c8300000| Untracked 
| 996|0x00000000fe400000, 0x00000000fe500000, 0x00000000fe500000|100%| O|  |TAMS 0x00000000fe400000, 0x00000000fe500000| Untracked 
| 997|0x00000000fe500000, 0x00000000fe600000, 0x00000000fe600000|100%| O|  |TAMS 0x00000000fe500000, 0x00000000fe600000| Untracked 
| 998|0x00000000fe600000, 0x00000000fe700000, 0x00000000fe700000|100%| O|  |TAMS 0x00000000fe600000, 0x00000000fe700000| Untracked 
| 999|0x00000000fe700000, 0x00000000fe800000, 0x00000000fe800000|100%| O|  |TAMS 0x00000000fe700000, 0x00000000fe800000| Untracked 
|1000|0x00000000fe800000, 0x00000000fe900000, 0x00000000fe900000|100%| O|  |TAMS 0x00000000fe800000, 0x00000000fe900000| Untracked 
|1001|0x00000000fe900000, 0x00000000fea00000, 0x00000000fea00000|100%| O|  |TAMS 0x00000000fe900000, 0x00000000fea00000| Untracked 
|1002|0x00000000fea00000, 0x00000000feb00000, 0x00000000feb00000|100%| O|  |TAMS 0x00000000fea00000, 0x00000000feb00000| Untracked 
|1003|0x00000000feb00000, 0x00000000fec00000, 0x00000000fec00000|100%| O|  |TAMS 0x00000000feb00000, 0x00000000fec00000| Untracked 
|1004|0x00000000fec00000, 0x00000000fed00000, 0x00000000fed00000|100%| O|  |TAMS 0x00000000fec00000, 0x00000000fed00000| Untracked 
|1005|0x00000000fed00000, 0x00000000fee00000, 0x00000000fee00000|100%| O|  |TAMS 0x00000000fed00000, 0x00000000fee00000| Untracked 
|1006|0x00000000fee00000, 0x00000000fef00000, 0x00000000fef00000|100%| O|  |TAMS 0x00000000fee00000, 0x00000000fef00000| Untracked 
|1007|0x00000000fef00000, 0x00000000ff000000, 0x00000000ff000000|100%| O|  |TAMS 0x00000000fef00000, 0x00000000ff000000| Untracked 
|1008|0x00000000ff000000, 0x00000000ff100000, 0x00000000ff100000|100%| O|  |TAMS 0x00000000ff000000, 0x00000000ff100000| Untracked 
|1009|0x00000000ff100000, 0x00000000ff200000, 0x00000000ff200000|100%| O|  |TAMS 0x00000000ff100000, 0x00000000ff200000| Untracked 
|1010|0x00000000ff200000, 0x00000000ff300000, 0x00000000ff300000|100%| O|  |TAMS 0x00000000ff200000, 0x00000000ff300000| Untracked 
|1011|0x00000000ff300000, 0x00000000ff400000, 0x00000000ff400000|100%| O|  |TAMS 0x00000000ff300000, 0x00000000ff400000| Untracked 
|1012|0x00000000ff400000, 0x00000000ff500000, 0x00000000ff500000|100%| O|  |TAMS 0x00000000ff400000, 0x00000000ff500000| Untracked 
|1013|0x00000000ff500000, 0x00000000ff600000, 0x00000000ff600000|100%| O|  |TAMS 0x00000000ff500000, 0x00000000ff600000| Untracked 
|1014|0x00000000ff600000, 0x00000000ff700000, 0x00000000ff700000|100%| O|  |TAMS 0x00000000ff600000, 0x00000000ff700000| Untracked 
|1015|0x00000000ff700000, 0x00000000ff800000, 0x00000000ff800000|100%| O|  |TAMS 0x00000000ff700000, 0x00000000ff800000| Untracked 
|1016|0x00000000ff800000, 0x00000000ff900000, 0x00000000ff900000|100%| O|  |TAMS 0x00000000ff800000, 0x00000000ff900000| Untracked 
|1017|0x00000000ff900000, 0x00000000ffa00000, 0x00000000ffa00000|100%| O|  |TAMS 0x00000000ff900000, 0x00000000ffa00000| Untracked 
|1018|0x00000000ffa00000, 0x00000000ffb00000, 0x00000000ffb00000|100%| O|  |TAMS 0x00000000ffa00000, 0x00000000ffb00000| Untracked 
|1019|0x00000000ffb00000, 0x00000000ffc00000, 0x00000000ffc00000|100%| O|  |TAMS 0x00000000ffb00000, 0x00000000ffc00000| Untracked 
|1020|0x00000000ffc00000, 0x00000000ffd00000, 0x00000000ffd00000|100%| O|  |TAMS 0x00000000ffc00000, 0x00000000ffd00000| Untracked 
|1021|0x00000000ffd00000, 0x00000000ffe00000, 0x00000000ffe00000|100%| O|  |TAMS 0x00000000ffd00000, 0x00000000ffe00000| Untracked 
|1022|0x00000000ffe00000, 0x00000000fff00000, 0x00000000fff00000|100%| O|  |TAMS 0x00000000ffe00000, 0x00000000fff00000| Untracked 
|1023|0x00000000fff00000, 0x0000000100000000, 0x0000000100000000|100%| O|  |TAMS 0x00000000fff00000, 0x0000000100000000| Untracked 

Card table byte_map: [0x000001f12ac70000,0x000001f12ae70000] _byte_map_base: 0x000001f12a670000

Marking Bits (Prev, Next): (CMBitMap*) 0x000001f115bd5590, (CMBitMap*) 0x000001f115bd5550
 Prev Bits: [0x000001f12c070000, 0x000001f12d070000)
 Next Bits: [0x000001f12b070000, 0x000001f12c070000)

Polling page: 0x000001f1141f0000

Metaspace:

Usage:
  Non-class:     18.79 MB used.
      Class:      2.22 MB used.
       Both:     21.00 MB used.

Virtual space:
  Non-class space:       64.00 MB reserved,      19.19 MB ( 30%) committed,  1 nodes.
      Class space:        1.00 GB reserved,       2.44 MB ( <1%) committed,  1 nodes.
             Both:        1.06 GB reserved,      21.63 MB (  2%) committed. 

Chunk freelists:
   Non-Class:  480.00 KB
       Class:  1.50 MB
        Both:  1.97 MB

MaxMetaspaceSize: unlimited
CompressedClassSpaceSize: 1.00 GB
Initial GC threshold: 21.00 MB
Current GC threshold: 35.13 MB
CDS: on
MetaspaceReclaimPolicy: balanced
 - commit_granule_bytes: 65536.
 - commit_granule_words: 8192.
 - virtual_space_node_default_size: 8388608.
 - enlarge_chunks_in_place: 1.
 - new_chunks_are_fully_committed: 0.
 - uncommit_free_chunks: 1.
 - use_allocation_guard: 0.


Internal statistics:

num_allocs_failed_limit: 3.
num_arena_births: 460.
num_arena_deaths: 0.
num_vsnodes_births: 2.
num_vsnodes_deaths: 0.
num_space_committed: 346.
num_space_uncommitted: 0.
num_chunks_returned_to_freelist: 3.
num_chunks_taken_from_freelist: 1250.
num_chunk_merges: 3.
num_chunk_splits: 821.
num_chunks_enlarged: 564.
num_inconsistent_stats: 0.

CodeHeap 'non-profiled nmethods': size=120000Kb used=1265Kb max_used=1265Kb free=118734Kb
 bounds [0x000001f122f20000, 0x000001f123190000, 0x000001f12a450000]
CodeHeap 'profiled nmethods': size=120000Kb used=6577Kb max_used=6577Kb free=113422Kb
 bounds [0x000001f11b450000, 0x000001f11bac0000, 0x000001f122980000]
CodeHeap 'non-nmethods': size=5760Kb used=1330Kb max_used=1380Kb free=4429Kb
 bounds [0x000001f122980000, 0x000001f122bf0000, 0x000001f122f20000]
 total_blobs=3694 nmethods=3136 adapters=468
 compilation: enabled
              stopped_count=0, restarted_count=0
 full_count=0

Compilation events (20 events):
Event: 9.928 Thread 0x000001f12f66daf0 nmethod 3132 0x000001f123056590 code [0x000001f123056800, 0x000001f123057550]
Event: 9.928 Thread 0x000001f12f66daf0 3128       4       java.io.InputStreamReader::read (11 bytes)
Event: 9.940 Thread 0x000001f12f66daf0 nmethod 3128 0x000001f123058490 code [0x000001f123058680, 0x000001f123058cc0]
Event: 9.941 Thread 0x000001f12f66daf0 3131   !   4       sun.nio.cs.StreamDecoder::read (78 bytes)
Event: 9.951 Thread 0x000001f12f66daf0 nmethod 3131 0x000001f123059310 code [0x000001f123059500, 0x000001f123059b20]
Event: 9.951 Thread 0x000001f12f66daf0 3133       4       sun.nio.cs.StreamDecoder::lockedRead (189 bytes)
Event: 9.954 Thread 0x000001f12f66daf0 nmethod 3133 0x000001f12305a110 code [0x000001f12305a2a0, 0x000001f12305a488]
Event: 9.954 Thread 0x000001f12f66daf0 3134       4       org.python.pydev.shared_core.string.FastStringBuffer::append (89 bytes)
Event: 9.959 Thread 0x000001f12f66daf0 nmethod 3134 0x000001f12305a690 code [0x000001f12305a820, 0x000001f12305ad58]
Event: 9.959 Thread 0x000001f12f66daf0 3126       4       java.io.Reader::read (9 bytes)
Event: 9.974 Thread 0x000001f12f66daf0 nmethod 3126 0x000001f12305af10 code [0x000001f12305b100, 0x000001f12305b680]
Event: 10.027 Thread 0x000001f12f677690 3135       3       org.eclipse.core.runtime.Path::collapseSlashes (142 bytes)
Event: 10.028 Thread 0x000001f12f677690 nmethod 3135 0x000001f11bab9410 code [0x000001f11bab9660, 0x000001f11bab9ff8]
Event: 10.028 Thread 0x000001f12f677690 3136       3       org.eclipse.core.runtime.Path::computeFlags (143 bytes)
Event: 10.030 Thread 0x000001f12f677690 nmethod 3136 0x000001f11baba390 code [0x000001f11baba6c0, 0x000001f11babbe78]
Event: 10.742 Thread 0x000001f12f66daf0 3137       4       org.python.pydev.ast.codecompletion.revisited.PyPublicTreeMap$PrivateEntryIterator::nextEntry (65 bytes)
Event: 10.771 Thread 0x000001f12f66daf0 nmethod 3137 0x000001f12305bd10 code [0x000001f12305bea0, 0x000001f12305c218]
Event: 10.771 Thread 0x000001f12f66daf0 3138       4       org.python.pydev.ast.codecompletion.revisited.PyPublicTreeMap$PrivateEntryIterator::hasNext (11 bytes)
Event: 10.772 Thread 0x000001f12f66daf0 nmethod 3138 0x000001f12305c410 code [0x000001f12305c580, 0x000001f12305c618]
Event: 10.772 Thread 0x000001f12f66daf0 3139       4       org.python.pydev.ast.codecompletion.revisited.PyPublicTreeMap$KeyIterator::next (8 bytes)

GC Heap History (20 events):
Event: 5.661 GC heap after
{Heap after GC invocations=3 (full 0):
 garbage-first heap   total 65536K, used 13263K [0x00000000c0000000, 0x0000000100000000)
  region size 1024K, 5 young (5120K), 5 survivors (5120K)
 Metaspace       used 17228K, committed 17792K, reserved 1114112K
  class space    used 1751K, committed 1984K, reserved 1048576K
}
Event: 5.734 GC heap before
{Heap before GC invocations=3 (full 0):
 garbage-first heap   total 65536K, used 25551K [0x00000000c0000000, 0x0000000100000000)
  region size 1024K, 7 young (7168K), 5 survivors (5120K)
 Metaspace       used 17267K, committed 17920K, reserved 1114112K
  class space    used 1754K, committed 1984K, reserved 1048576K
}
Event: 5.743 GC heap after
{Heap after GC invocations=4 (full 0):
 garbage-first heap   total 65536K, used 20431K [0x00000000c0000000, 0x0000000100000000)
  region size 1024K, 1 young (1024K), 1 survivors (1024K)
 Metaspace       used 17267K, committed 17920K, reserved 1114112K
  class space    used 1754K, committed 1984K, reserved 1048576K
}
Event: 5.749 GC heap before
{Heap before GC invocations=4 (full 0):
 garbage-first heap   total 65536K, used 31695K [0x00000000c0000000, 0x0000000100000000)
  region size 1024K, 2 young (2048K), 1 survivors (1024K)
 Metaspace       used 17267K, committed 17920K, reserved 1114112K
  class space    used 1754K, committed 1984K, reserved 1048576K
}
Event: 5.750 GC heap after
{Heap after GC invocations=5 (full 0):
 garbage-first heap   total 65536K, used 24984K [0x00000000c0000000, 0x0000000100000000)
  region size 1024K, 1 young (1024K), 1 survivors (1024K)
 Metaspace       used 17267K, committed 17920K, reserved 1114112K
  class space    used 1754K, committed 1984K, reserved 1048576K
}
Event: 5.767 GC heap before
{Heap before GC invocations=5 (full 0):
 garbage-first heap   total 65536K, used 28056K [0x00000000c0000000, 0x0000000100000000)
  region size 1024K, 1 young (1024K), 1 survivors (1024K)
 Metaspace       used 17267K, committed 17920K, reserved 1114112K
  class space    used 1754K, committed 1984K, reserved 1048576K
}
Event: 5.769 GC heap after
{Heap after GC invocations=6 (full 0):
 garbage-first heap   total 65536K, used 27915K [0x00000000c0000000, 0x0000000100000000)
  region size 1024K, 1 young (1024K), 1 survivors (1024K)
 Metaspace       used 17267K, committed 17920K, reserved 1114112K
  class space    used 1754K, committed 1984K, reserved 1048576K
}
Event: 5.789 GC heap before
{Heap before GC invocations=6 (full 0):
 garbage-first heap   total 65536K, used 30987K [0x00000000c0000000, 0x0000000100000000)
  region size 1024K, 2 young (2048K), 1 survivors (1024K)
 Metaspace       used 17267K, committed 17920K, reserved 1114112K
  class space    used 1754K, committed 1984K, reserved 1048576K
}
Event: 5.791 GC heap after
{Heap after GC invocations=7 (full 0):
 garbage-first heap   total 65536K, used 13551K [0x00000000c0000000, 0x0000000100000000)
  region size 1024K, 1 young (1024K), 1 survivors (1024K)
 Metaspace       used 17267K, committed 17920K, reserved 1114112K
  class space    used 1754K, committed 1984K, reserved 1048576K
}
Event: 5.849 GC heap before
{Heap before GC invocations=7 (full 0):
 garbage-first heap   total 65536K, used 30959K [0x00000000c0000000, 0x0000000100000000)
  region size 1024K, 7 young (7168K), 1 survivors (1024K)
 Metaspace       used 17268K, committed 17920K, reserved 1114112K
  class space    used 1754K, committed 1984K, reserved 1048576K
}
Event: 5.855 GC heap after
{Heap after GC invocations=8 (full 0):
 garbage-first heap   total 131072K, used 18983K [0x00000000c0000000, 0x0000000100000000)
  region size 1024K, 5 young (5120K), 5 survivors (5120K)
 Metaspace       used 17268K, committed 17920K, reserved 1114112K
  class space    used 1754K, committed 1984K, reserved 1048576K
}
Event: 7.406 GC heap before
{Heap before GC invocations=8 (full 0):
 garbage-first heap   total 131072K, used 82471K [0x00000000c0000000, 0x0000000100000000)
  region size 1024K, 33 young (33792K), 5 survivors (5120K)
 Metaspace       used 20871K, committed 21504K, reserved 1114112K
  class space    used 2207K, committed 2496K, reserved 1048576K
}
Event: 7.430 GC heap after
{Heap after GC invocations=9 (full 0):
 garbage-first heap   total 131072K, used 36223K [0x00000000c0000000, 0x0000000100000000)
  region size 1024K, 7 young (7168K), 7 survivors (7168K)
 Metaspace       used 20871K, committed 21504K, reserved 1114112K
  class space    used 2207K, committed 2496K, reserved 1048576K
}
Event: 10.459 GC heap before
{Heap before GC invocations=10 (full 0):
 garbage-first heap   total 130048K, used 129407K [0x00000000c0000000, 0x0000000100000000)
  region size 1024K, 38 young (38912K), 7 survivors (7168K)
 Metaspace       used 21506K, committed 22144K, reserved 1114112K
  class space    used 2270K, committed 2496K, reserved 1048576K
}
Event: 10.641 GC heap after
{Heap after GC invocations=11 (full 0):
 garbage-first heap   total 163840K, used 65919K [0x00000000c0000000, 0x0000000100000000)
  region size 1024K, 5 young (5120K), 5 survivors (5120K)
 Metaspace       used 21506K, committed 22144K, reserved 1114112K
  class space    used 2270K, committed 2496K, reserved 1048576K
}
Event: 10.700 GC heap before
{Heap before GC invocations=11 (full 0):
 garbage-first heap   total 163840K, used 81279K [0x00000000c0000000, 0x0000000100000000)
  region size 1024K, 8 young (8192K), 5 survivors (5120K)
 Metaspace       used 21506K, committed 22144K, reserved 1114112K
  class space    used 2270K, committed 2496K, reserved 1048576K
}
Event: 10.713 GC heap after
{Heap after GC invocations=12 (full 0):
 garbage-first heap   total 163840K, used 69632K [0x00000000c0000000, 0x0000000100000000)
  region size 1024K, 1 young (1024K), 1 survivors (1024K)
 Metaspace       used 21506K, committed 22144K, reserved 1114112K
  class space    used 2270K, committed 2496K, reserved 1048576K
}
Event: 10.748 GC heap before
{Heap before GC invocations=12 (full 0):
 garbage-first heap   total 163840K, used 78848K [0x00000000c0000000, 0x0000000100000000)
  region size 1024K, 6 young (6144K), 1 survivors (1024K)
 Metaspace       used 21506K, committed 22144K, reserved 1114112K
  class space    used 2270K, committed 2496K, reserved 1048576K
}
Event: 10.770 GC heap after
{Heap after GC invocations=13 (full 0):
 garbage-first heap   total 163840K, used 74240K [0x00000000c0000000, 0x0000000100000000)
  region size 1024K, 4 young (4096K), 4 survivors (4096K)
 Metaspace       used 21506K, committed 22144K, reserved 1114112K
  class space    used 2270K, committed 2496K, reserved 1048576K
}
Event: 10.778 GC heap before
{Heap before GC invocations=13 (full 0):
 garbage-first heap   total 163840K, used 80384K [0x00000000c0000000, 0x0000000100000000)
  region size 1024K, 4 young (4096K), 4 survivors (4096K)
 Metaspace       used 21506K, committed 22144K, reserved 1114112K
  class space    used 2270K, committed 2496K, reserved 1048576K
}

Dll operation events (9 events):
Event: 0.154 Loaded shared library C:\Users\HP\.pydev_vscode\java19\jdk-19.0.2+7-jre\bin\java.dll
Event: 0.388 Loaded shared library C:\Users\HP\.pydev_vscode\java19\jdk-19.0.2+7-jre\bin\jsvml.dll
Event: 0.715 Loaded shared library C:\Users\HP\.pydev_vscode\java19\jdk-19.0.2+7-jre\bin\net.dll
Event: 0.722 Loaded shared library C:\Users\HP\.pydev_vscode\java19\jdk-19.0.2+7-jre\bin\nio.dll
Event: 0.736 Loaded shared library C:\Users\HP\.pydev_vscode\java19\jdk-19.0.2+7-jre\bin\zip.dll
Event: 1.057 Loaded shared library C:\Users\HP\.pydev_vscode\java19\jdk-19.0.2+7-jre\bin\jimage.dll
Event: 2.630 Loaded shared library C:\Users\HP\.vscode\extensions\fabioz.vscode-pydev-0.16.0\server\plugins\org.eclipse.equinox.launcher.win32.win32.x86_64_1.2.900.v20240213-1244\eclipse_11900.dll
Event: 4.212 Loaded shared library C:\Users\HP\.vscode\extensions\fabioz.vscode-pydev-0.16.0\server\config_win\org.eclipse.osgi\13\0\.cp\os\win32\x86_64\localfile_1_0_0.dll
Event: 4.530 Loaded shared library C:\Users\HP\.vscode\extensions\fabioz.vscode-pydev-0.16.0\server\config_win\org.eclipse.osgi\16\0\.cp\os\win32\x86_64\win32refresh.dll

Deoptimization events (20 events):
Event: 9.864 Thread 0x000001f1342b69f0 Uncommon trap: trap_request=0xffffffde fr.pc=0x000001f1230534c8 relative=0x0000000000000128
Event: 9.864 Thread 0x000001f1342b69f0 Uncommon trap: reason=class_check action=maybe_recompile pc=0x000001f1230534c8 method=jdk.internal.misc.Unsafe.allocateUninitializedArray(Ljava/lang/Class;I)Ljava/lang/Object; @ 51 c2
Event: 9.864 Thread 0x000001f1342b69f0 DEOPT PACKING pc=0x000001f1230534c8 sp=0x00000040434fe020
Event: 9.864 Thread 0x000001f1342b69f0 DEOPT UNPACKING pc=0x000001f1229e6da3 sp=0x00000040434fdfa8 mode 2
Event: 9.864 Thread 0x000001f1342b69f0 Uncommon trap: trap_request=0xffffffde fr.pc=0x000001f1230534c8 relative=0x0000000000000128
Event: 9.864 Thread 0x000001f1342b69f0 Uncommon trap: reason=class_check action=maybe_recompile pc=0x000001f1230534c8 method=jdk.internal.misc.Unsafe.allocateUninitializedArray(Ljava/lang/Class;I)Ljava/lang/Object; @ 51 c2
Event: 9.864 Thread 0x000001f1342b69f0 DEOPT PACKING pc=0x000001f1230534c8 sp=0x00000040434fe020
Event: 9.864 Thread 0x000001f1342b69f0 DEOPT UNPACKING pc=0x000001f1229e6da3 sp=0x00000040434fdfa8 mode 2
Event: 9.864 Thread 0x000001f1342b69f0 Uncommon trap: trap_request=0xffffffde fr.pc=0x000001f1230534c8 relative=0x0000000000000128
Event: 9.864 Thread 0x000001f1342b69f0 Uncommon trap: reason=class_check action=maybe_recompile pc=0x000001f1230534c8 method=jdk.internal.misc.Unsafe.allocateUninitializedArray(Ljava/lang/Class;I)Ljava/lang/Object; @ 51 c2
Event: 9.864 Thread 0x000001f1342b69f0 DEOPT PACKING pc=0x000001f1230534c8 sp=0x00000040434fe020
Event: 9.864 Thread 0x000001f1342b69f0 DEOPT UNPACKING pc=0x000001f1229e6da3 sp=0x00000040434fdfa8 mode 2
Event: 9.864 Thread 0x000001f1342b69f0 Uncommon trap: trap_request=0xffffffde fr.pc=0x000001f1230534c8 relative=0x0000000000000128
Event: 9.864 Thread 0x000001f1342b69f0 Uncommon trap: reason=class_check action=maybe_recompile pc=0x000001f1230534c8 method=jdk.internal.misc.Unsafe.allocateUninitializedArray(Ljava/lang/Class;I)Ljava/lang/Object; @ 51 c2
Event: 9.865 Thread 0x000001f1342b69f0 DEOPT PACKING pc=0x000001f1230534c8 sp=0x00000040434fe020
Event: 9.865 Thread 0x000001f1342b69f0 DEOPT UNPACKING pc=0x000001f1229e6da3 sp=0x00000040434fdfa8 mode 2
Event: 10.739 Thread 0x000001f1342b69f0 Uncommon trap: trap_request=0xffffffcc fr.pc=0x000001f123051704 relative=0x0000000000000364
Event: 10.739 Thread 0x000001f1342b69f0 Uncommon trap: reason=intrinsic_or_type_checked_inlining action=make_not_entrant pc=0x000001f123051704 method=java.util.Arrays.copyOf([Ljava/lang/Object;ILjava/lang/Class;)[Ljava/lang/Object; @ 35 c2
Event: 10.739 Thread 0x000001f1342b69f0 DEOPT PACKING pc=0x000001f123051704 sp=0x00000040434fe350
Event: 10.739 Thread 0x000001f1342b69f0 DEOPT UNPACKING pc=0x000001f1229e6da3 sp=0x00000040434fe2e0 mode 2

Classes loaded (20 events):
Event: 9.784 Loading class java/nio/channels/SelectableChannel done
Event: 9.784 Loading class java/nio/channels/spi/AbstractSelectableChannel done
Event: 9.784 Loading class java/nio/channels/SocketChannel done
Event: 9.785 Loading class sun/nio/ch/SocketChannelImpl done
Event: 9.785 Loading class sun/nio/ch/ChannelOutputStream
Event: 9.787 Loading class sun/nio/ch/ChannelOutputStream done
Event: 9.787 Loading class sun/nio/ch/Util
Event: 9.790 Loading class sun/nio/ch/Util done
Event: 9.790 Loading class sun/nio/ch/Util$1
Event: 9.792 Loading class sun/nio/ch/Util$1 done
Event: 9.792 Loading class sun/nio/ch/Util$BufferCache
Event: 9.793 Loading class sun/nio/ch/Util$BufferCache done
Event: 9.793 Loading class java/nio/DirectByteBuffer$Deallocator
Event: 9.795 Loading class java/nio/DirectByteBuffer$Deallocator done
Event: 9.796 Loading class sun/nio/ch/IOStatus
Event: 9.797 Loading class sun/nio/ch/IOStatus done
Event: 9.798 Loading class java/nio/file/StandardCopyOption
Event: 9.800 Loading class java/nio/file/StandardCopyOption done
Event: 9.800 Loading class sun/nio/fs/WindowsFileCopy
Event: 9.803 Loading class sun/nio/fs/WindowsFileCopy done

Classes unloaded (0 events):
No events

Classes redefined (0 events):
No events

Internal exceptions (20 events):
Event: 5.515 Thread 0x000001f1342b64a0 Exception <a 'java/lang/NoSuchMethodError'{0x00000000c2188ca0}: 'java.lang.Object java.lang.invoke.DirectMethodHandle$Holder.newInvokeSpecial(java.lang.Object, int, java.lang.Object, java.lang.Object)'> (0x00000000c2188ca0) 
thrown [s\src\hotspot\share\interpreter\linkResolver.cpp, line 774]
Event: 5.519 Thread 0x000001f1342b64a0 Exception <a 'java/io/FileNotFoundException'{0x00000000c21905a8}> (0x00000000c21905a8) 
thrown [s\src\hotspot\share\prims\jni.cpp, line 517]
Event: 5.523 Thread 0x000001f1342b64a0 Exception <a 'java/lang/NoSuchMethodError'{0x00000000c2198358}: 'void java.lang.invoke.DirectMethodHandle$Holder.invokeStaticInit(java.lang.Object, java.lang.Object, java.lang.Object)'> (0x00000000c2198358) 
thrown [s\src\hotspot\share\interpreter\linkResolver.cpp, line 774]
Event: 6.209 Thread 0x000001f115b90fd0 Exception <a 'java/lang/NoSuchMethodError'{0x00000000c6d45008}: 'void java.lang.invoke.DirectMethodHandle$Holder.invokeStatic(java.lang.Object, java.lang.Object, java.lang.Object, java.lang.Object)'> (0x00000000c6d45008) 
thrown [s\src\hotspot\share\interpreter\linkResolver.cpp, line 774]
Event: 6.497 Thread 0x000001f115b90fd0 Exception <a 'java/lang/NoSuchMethodError'{0x00000000c6a6aff0}: 'void java.lang.invoke.DirectMethodHandle$Holder.invokeSpecial(java.lang.Object, java.lang.Object, java.lang.Object, java.lang.Object, java.lang.Object, java.lang.Object)'> (0x00000000c6a6aff0) 
thrown [s\src\hotspot\share\interpreter\linkResolver.cpp, line 774]
Event: 6.526 Thread 0x000001f115b90fd0 Exception <a 'java/lang/IncompatibleClassChangeError'{0x00000000c6ae1f50}: Found class java.lang.Object, but interface was expected> (0x00000000c6ae1f50) 
thrown [s\src\hotspot\share\interpreter\linkResolver.cpp, line 841]
Event: 6.526 Thread 0x000001f115b90fd0 Exception <a 'java/lang/IncompatibleClassChangeError'{0x00000000c6ae3ef8}: Found class java.lang.Object, but interface was expected> (0x00000000c6ae3ef8) 
thrown [s\src\hotspot\share\interpreter\linkResolver.cpp, line 841]
Event: 6.647 Thread 0x000001f1342b69f0 Exception <a 'java/lang/NoSuchMethodError'{0x00000000c683d5b8}: 'void java.lang.invoke.DirectMethodHandle$Holder.invokeSpecial(java.lang.Object, java.lang.Object, java.lang.Object, int)'> (0x00000000c683d5b8) 
thrown [s\src\hotspot\share\interpreter\linkResolver.cpp, line 774]
Event: 6.648 Thread 0x000001f1342b69f0 Exception <a 'java/lang/NoSuchMethodError'{0x00000000c6841248}: 'void java.lang.invoke.DelegatingMethodHandle$Holder.reinvoke_L(java.lang.Object, java.lang.Object, int)'> (0x00000000c6841248) 
thrown [s\src\hotspot\share\interpreter\linkResolver.cpp, line 774]
Event: 6.649 Thread 0x000001f1342b69f0 Exception <a 'java/lang/NoSuchMethodError'{0x00000000c6848270}: 'int java.lang.invoke.Invokers$Holder.invokeExact_MT(java.lang.Object, java.lang.Object, java.lang.Object)'> (0x00000000c6848270) 
thrown [s\src\hotspot\share\interpreter\linkResolver.cpp, line 774]
Event: 6.993 Thread 0x000001f1342b69f0 Exception <a 'java/lang/NoSuchMethodError'{0x00000000c67cada8}: 'void java.lang.invoke.Invokers$Holder.invokeExact_MT(java.lang.Object, java.lang.Object, int, java.lang.Object)'> (0x00000000c67cada8) 
thrown [s\src\hotspot\share\interpreter\linkResolver.cpp, line 774]
Event: 7.037 Thread 0x000001f1342b69f0 Exception <a 'java/lang/NoSuchMethodError'{0x00000000c67e4150}: 'java.lang.Object java.lang.invoke.DirectMethodHandle$Holder.invokeInterface(java.lang.Object, java.lang.Object, java.lang.Object)'> (0x00000000c67e4150) 
thrown [s\src\hotspot\share\interpreter\linkResolver.cpp, line 774]
Event: 7.131 Thread 0x000001f1342b8f20 Exception <a 'java/io/FileNotFoundException'{0x00000000c6687bf0}> (0x00000000c6687bf0) 
thrown [s\src\hotspot\share\prims\jni.cpp, line 517]
Event: 7.290 Thread 0x000001f1342b69f0 Exception <a 'java/lang/IncompatibleClassChangeError'{0x00000000c659aa40}: Found class java.lang.Object, but interface was expected> (0x00000000c659aa40) 
thrown [s\src\hotspot\share\interpreter\linkResolver.cpp, line 841]
Event: 8.609 Thread 0x000001f1342b69f0 Exception <a 'java/lang/NoSuchMethodError'{0x00000000c7fb3650}: 'void java.lang.invoke.DirectMethodHandle$Holder.invokeStatic(java.lang.Object, long)'> (0x00000000c7fb3650) 
thrown [s\src\hotspot\share\interpreter\linkResolver.cpp, line 774]
Event: 8.610 Thread 0x000001f1342b69f0 Exception <a 'java/lang/NoSuchMethodError'{0x00000000c7a3c008}: 'java.lang.Object java.lang.invoke.DirectMethodHandle$Holder.newInvokeSpecial(java.lang.Object, long)'> (0x00000000c7a3c008) 
thrown [s\src\hotspot\share\interpreter\linkResolver.cpp, line 774]
Event: 8.613 Thread 0x000001f1342b69f0 Exception <a 'java/lang/NoSuchMethodError'{0x00000000c7a42b30}: 'java.lang.Object java.lang.invoke.DirectMethodHandle$Holder.invokeStatic(java.lang.Object, long, java.lang.Object)'> (0x00000000c7a42b30) 
thrown [s\src\hotspot\share\interpreter\linkResolver.cpp, line 774]
Event: 8.614 Thread 0x000001f1342b69f0 Exception <a 'java/lang/NoSuchMethodError'{0x00000000c7a46430}: 'java.lang.Object java.lang.invoke.DirectMethodHandle$Holder.invokeStaticInit(java.lang.Object, long, java.lang.Object)'> (0x00000000c7a46430) 
thrown [s\src\hotspot\share\interpreter\linkResolver.cpp, line 774]
Event: 9.704 Thread 0x000001f1342b69f0 Exception <a 'sun/nio/fs/WindowsException'{0x00000000c7a55210}> (0x00000000c7a55210) 
thrown [s\src\hotspot\share\prims\jni.cpp, line 517]
Event: 9.748 Thread 0x000001f1342b69f0 Exception <a 'sun/nio/fs/WindowsException'{0x00000000c78545f8}> (0x00000000c78545f8) 
thrown [s\src\hotspot\share\prims\jni.cpp, line 517]

VM Operations (20 events):
Event: 7.430 Executing VM operation: CollectForMetadataAllocation done
Event: 7.483 Executing VM operation: G1PauseRemark
Event: 7.486 Executing VM operation: G1PauseRemark done
Event: 7.513 Executing VM operation: G1PauseCleanup
Event: 7.513 Executing VM operation: G1PauseCleanup done
Event: 8.514 Executing VM operation: Cleanup
Event: 8.515 Executing VM operation: Cleanup done
Event: 8.616 Executing VM operation: HandshakeAllThreads
Event: 8.616 Executing VM operation: HandshakeAllThreads done
Event: 9.616 Executing VM operation: Cleanup
Event: 9.616 Executing VM operation: Cleanup done
Event: 9.785 Executing VM operation: HandshakeAllThreads
Event: 9.785 Executing VM operation: HandshakeAllThreads done
Event: 10.426 Executing VM operation: G1CollectForAllocation
Event: 10.641 Executing VM operation: G1CollectForAllocation done
Event: 10.700 Executing VM operation: G1CollectForAllocation
Event: 10.713 Executing VM operation: G1CollectForAllocation done
Event: 10.747 Executing VM operation: G1TryInitiateConcMark
Event: 10.770 Executing VM operation: G1TryInitiateConcMark done
Event: 10.778 Executing VM operation: G1TryInitiateConcMark

Events (20 events):
Event: 0.666 Thread 0x000001f1339b3850 Thread added: 0x000001f1339b3850
Event: 2.264 Thread 0x000001f133fdf6a0 Thread added: 0x000001f133fdf6a0
Event: 2.598 Thread 0x000001f134034e90 Thread added: 0x000001f134034e90
Event: 2.600 Thread 0x000001f133d8fa70 Thread added: 0x000001f133d8fa70
Event: 2.654 Thread 0x000001f134027f10 Thread added: 0x000001f134027f10
Event: 2.994 Thread 0x000001f133e998f0 Thread added: 0x000001f133e998f0
Event: 3.763 Thread 0x000001f13419af80 Thread added: 0x000001f13419af80
Event: 4.310 Thread 0x000001f134056770 Thread added: 0x000001f134056770
Event: 4.542 Thread 0x000001f1342b8480 Thread added: 0x000001f1342b8480
Event: 4.720 Thread 0x000001f1342b64a0 Thread added: 0x000001f1342b64a0
Event: 6.165 Thread 0x000001f1342b89d0 Thread added: 0x000001f1342b89d0
Event: 6.576 Thread 0x000001f1342b69f0 Thread added: 0x000001f1342b69f0
Event: 7.110 Thread 0x000001f1342b8f20 Thread added: 0x000001f1342b8f20
Event: 7.129 Thread 0x000001f1342b6f40 Thread added: 0x000001f1342b6f40
Event: 8.623 Thread 0x000001f1342b5a00 Thread added: 0x000001f1342b5a00
Event: 8.624 Thread 0x000001f1342b7490 Thread added: 0x000001f1342b7490
Event: 8.674 Thread 0x000001f1342b6f40 Thread exited: 0x000001f1342b6f40
Event: 9.599 Thread 0x000001f133e998f0 Thread exited: 0x000001f133e998f0
Event: 9.697 Thread 0x000001f1342b7490 Thread exited: 0x000001f1342b7490
Event: 9.697 Thread 0x000001f1342b5a00 Thread exited: 0x000001f1342b5a00


Dynamic libraries:
0x00007ff621230000 - 0x00007ff62123e000 	C:\Users\HP\.pydev_vscode\java19\jdk-19.0.2+7-jre\bin\java.exe
0x00007ffca6780000 - 0x00007ffca6970000 	C:\WINDOWS\SYSTEM32\ntdll.dll
0x00007ffca63f0000 - 0x00007ffca64a2000 	C:\WINDOWS\System32\KERNEL32.DLL
0x00007ffca44f0000 - 0x00007ffca4795000 	C:\WINDOWS\System32\KERNELBASE.dll
0x00007ffca17b0000 - 0x00007ffca183f000 	C:\WINDOWS\SYSTEM32\apphelp.dll
0x00007ffca42f0000 - 0x00007ffca43ea000 	C:\WINDOWS\System32\ucrtbase.dll
0x00007ffc9a150000 - 0x00007ffc9a167000 	C:\Users\HP\.pydev_vscode\java19\jdk-19.0.2+7-jre\bin\jli.dll
0x00007ffca5000000 - 0x00007ffca5194000 	C:\WINDOWS\System32\USER32.dll
0x00007ffca39e0000 - 0x00007ffca3a01000 	C:\WINDOWS\System32\win32u.dll
0x00007ffca5ea0000 - 0x00007ffca5ec6000 	C:\WINDOWS\System32\GDI32.dll
0x00007ffca3840000 - 0x00007ffca39d8000 	C:\WINDOWS\System32\gdi32full.dll
0x00007ffca3720000 - 0x00007ffca37be000 	C:\WINDOWS\System32\msvcp_win.dll
0x00007ffc90fa0000 - 0x00007ffc91224000 	C:\WINDOWS\WinSxS\amd64_microsoft.windows.common-controls_6595b64144ccf1df_6.0.18362.1556_none_9e7e372fe45e41d5\COMCTL32.dll
0x00007ffca5630000 - 0x00007ffca56ce000 	C:\WINDOWS\System32\msvcrt.dll
0x00007ffca5780000 - 0x00007ffca5ab6000 	C:\WINDOWS\System32\combase.dll
0x00007ffca61a0000 - 0x00007ffca62bf000 	C:\WINDOWS\System32\RPCRT4.dll
0x00007ffca47a0000 - 0x00007ffca4821000 	C:\WINDOWS\System32\bcryptPrimitives.dll
0x00007ffc9a130000 - 0x00007ffc9a149000 	C:\Users\HP\.pydev_vscode\java19\jdk-19.0.2+7-jre\bin\VCRUNTIME140.dll
0x00007ffca5e10000 - 0x00007ffca5e3e000 	C:\WINDOWS\System32\IMM32.DLL
0x000000006f2e0000 - 0x000000006f2ed000 	C:\Program Files (x86)\360\Total Security\safemon\SafeWrapper.dll
0x00007ffca6340000 - 0x00007ffca63e3000 	C:\WINDOWS\System32\ADVAPI32.dll
0x00007ffca5ed0000 - 0x00007ffca5f67000 	C:\WINDOWS\System32\sechost.dll
0x00007ffc9fac0000 - 0x00007ffc9fbc5000 	C:\Program Files (x86)\360\Total Security\safemon\libzdtp64.dll
0x00007ffca48b0000 - 0x00007ffca4f97000 	C:\WINDOWS\System32\SHELL32.dll
0x00007ffca44a0000 - 0x00007ffca44ea000 	C:\WINDOWS\System32\cfgmgr32.dll
0x00007ffca56d0000 - 0x00007ffca5778000 	C:\WINDOWS\System32\shcore.dll
0x00007ffca3b70000 - 0x00007ffca42eb000 	C:\WINDOWS\System32\windows.storage.dll
0x00007ffca3680000 - 0x00007ffca369e000 	C:\WINDOWS\System32\profapi.dll
0x00007ffca36a0000 - 0x00007ffca36ea000 	C:\WINDOWS\System32\powrprof.dll
0x00007ffca3630000 - 0x00007ffca3640000 	C:\WINDOWS\System32\UMPDC.dll
0x00007ffca6140000 - 0x00007ffca6192000 	C:\WINDOWS\System32\shlwapi.dll
0x00007ffca3660000 - 0x00007ffca3671000 	C:\WINDOWS\System32\kernel.appcore.dll
0x00007ffca3820000 - 0x00007ffca3837000 	C:\WINDOWS\System32\cryptsp.dll
0x00007ffca31b0000 - 0x00007ffca31ba000 	C:\WINDOWS\SYSTEM32\VERSION.dll
0x00007ffc9f570000 - 0x00007ffc9f57c000 	C:\Users\HP\.pydev_vscode\java19\jdk-19.0.2+7-jre\bin\vcruntime140_1.dll
0x00007ffc7f410000 - 0x00007ffc7f4a1000 	C:\Users\HP\.pydev_vscode\java19\jdk-19.0.2+7-jre\bin\msvcp140.dll
0x00007ffc59c60000 - 0x00007ffc5a951000 	C:\Users\HP\.pydev_vscode\java19\jdk-19.0.2+7-jre\bin\server\jvm.dll
0x00007ffca1670000 - 0x00007ffca1694000 	C:\WINDOWS\SYSTEM32\WINMM.dll
0x00007ffc91cf0000 - 0x00007ffc91cf9000 	C:\WINDOWS\SYSTEM32\WSOCK32.dll
0x00007ffca60d0000 - 0x00007ffca613f000 	C:\WINDOWS\System32\WS2_32.dll
0x00007ffca1640000 - 0x00007ffca166d000 	C:\WINDOWS\SYSTEM32\WINMMBASE.dll
0x00007ffc9dd10000 - 0x00007ffc9dd1a000 	C:\Users\HP\.pydev_vscode\java19\jdk-19.0.2+7-jre\bin\jimage.dll
0x00007ffc9ad00000 - 0x00007ffc9aef4000 	C:\WINDOWS\SYSTEM32\DBGHELP.DLL
0x00007ffc85b60000 - 0x00007ffc85b8a000 	C:\WINDOWS\SYSTEM32\dbgcore.DLL
0x00007ffc96c70000 - 0x00007ffc96c96000 	C:\Users\HP\.pydev_vscode\java19\jdk-19.0.2+7-jre\bin\java.dll
0x00007ffc6e520000 - 0x00007ffc6e5f6000 	C:\Users\HP\.pydev_vscode\java19\jdk-19.0.2+7-jre\bin\jsvml.dll
0x00007ffc96cd0000 - 0x00007ffc96ce3000 	C:\Users\HP\.pydev_vscode\java19\jdk-19.0.2+7-jre\bin\net.dll
0x00007ffc901f0000 - 0x00007ffc902ea000 	C:\WINDOWS\SYSTEM32\WINHTTP.dll
0x00007ffca2da0000 - 0x00007ffca2e07000 	C:\WINDOWS\system32\mswsock.dll
0x00007ffc96c50000 - 0x00007ffc96c66000 	C:\Users\HP\.pydev_vscode\java19\jdk-19.0.2+7-jre\bin\nio.dll
0x00007ffc92f80000 - 0x00007ffc92f98000 	C:\Users\HP\.pydev_vscode\java19\jdk-19.0.2+7-jre\bin\zip.dll
0x00007ffc8ec50000 - 0x00007ffc8ec8e000 	C:\Users\HP\.vscode\extensions\fabioz.vscode-pydev-0.16.0\server\plugins\org.eclipse.equinox.launcher.win32.win32.x86_64_1.2.900.v20240213-1244\eclipse_11900.dll
0x00007ffca5f70000 - 0x00007ffca60c7000 	C:\WINDOWS\System32\ole32.dll
0x0000000180000000 - 0x0000000180012000 	C:\Users\HP\.vscode\extensions\fabioz.vscode-pydev-0.16.0\server\config_win\org.eclipse.osgi\13\0\.cp\os\win32\x86_64\localfile_1_0_0.dll
0x00007ffc91c30000 - 0x00007ffc91c4b000 	C:\Users\HP\.vscode\extensions\fabioz.vscode-pydev-0.16.0\server\config_win\org.eclipse.osgi\16\0\.cp\os\win32\x86_64\win32refresh.dll
0x00007ffca2f70000 - 0x00007ffca2f7c000 	C:\WINDOWS\SYSTEM32\CRYPTBASE.DLL
0x00007ffc78320000 - 0x00007ffc7833b000 	C:\WINDOWS\SYSTEM32\apisethost.appexecutionalias.dll
0x00007ffc8d2a0000 - 0x00007ffc8d34b000 	C:\WINDOWS\SYSTEM32\daxexec.dll
0x00007ffc8cf80000 - 0x00007ffc8cfc3000 	C:\WINDOWS\SYSTEM32\container.dll
0x00007ffca31a0000 - 0x00007ffca31aa000 	C:\WINDOWS\SYSTEM32\FLTLIB.DLL
0x00007ffca2ab0000 - 0x00007ffca2aea000 	C:\WINDOWS\SYSTEM32\IPHLPAPI.DLL
0x00007ffc9b0b0000 - 0x00007ffc9b0ff000 	C:\WINDOWS\SYSTEM32\capauthz.dll
0x00007ffca64b0000 - 0x00007ffca6575000 	C:\WINDOWS\System32\OLEAUT32.dll
0x00007ffca37c0000 - 0x00007ffca381c000 	C:\WINDOWS\System32\WINTRUST.dll
0x00007ffca3640000 - 0x00007ffca3652000 	C:\WINDOWS\System32\MSASN1.dll
0x00007ffca3a10000 - 0x00007ffca3b61000 	C:\WINDOWS\System32\CRYPT32.dll
0x00007ffca26b0000 - 0x00007ffca26e1000 	C:\WINDOWS\SYSTEM32\ntmarta.dll
0x00007ffca36f0000 - 0x00007ffca3716000 	C:\WINDOWS\System32\Bcrypt.dll
0x00007ffc8ed80000 - 0x00007ffc8ed90000 	C:\WINDOWS\SYSTEM32\windows.staterepositorycore.dll

dbghelp: loaded successfully - version: 4.0.5 - missing functions: none
symbol engine: initialized successfully - sym options: 0x614 - pdb path: .;C:\Users\HP\.pydev_vscode\java19\jdk-19.0.2+7-jre\bin;C:\WINDOWS\SYSTEM32;C:\WINDOWS\WinSxS\amd64_microsoft.windows.common-controls_6595b64144ccf1df_6.0.18362.1556_none_9e7e372fe45e41d5;C:\Program Files (x86)\360\Total Security\safemon;C:\Users\HP\.pydev_vscode\java19\jdk-19.0.2+7-jre\bin\server;C:\Users\HP\.vscode\extensions\fabioz.vscode-pydev-0.16.0\server\plugins\org.eclipse.equinox.launcher.win32.win32.x86_64_1.2.900.v20240213-1244;C:\Users\HP\.vscode\extensions\fabioz.vscode-pydev-0.16.0\server\config_win\org.eclipse.osgi\13\0\.cp\os\win32\x86_64;C:\Users\HP\.vscode\extensions\fabioz.vscode-pydev-0.16.0\server\config_win\org.eclipse.osgi\16\0\.cp\os\win32\x86_64

VM Arguments:
jvm_args: --add-modules=ALL-SYSTEM --add-opens=java.base/java.util=ALL-UNNAMED --add-opens=java.base/java.lang=ALL-UNNAMED -Declipse.application=org.python.pydev.pydev_lsp.application -Dosgi.bundles.defaultStartLevel=4 -Declipse.product=org.python.pydev.pydev_lsp.product -Xmx1G -XX:+UseG1GC -XX:+UseStringDeduplication 
java_command: c:\Users\HP\.vscode\extensions\fabioz.vscode-pydev-0.16.0\server\plugins\org.eclipse.equinox.launcher_1.6.700.v20240213-1244.jar -configuration c:\Users\HP\.vscode\extensions\fabioz.vscode-pydev-0.16.0\server\config_win -data c:\Users\HP\AppData\Roaming\Code\User\workspaceStorage\b2abcefff61fa623f5fbd0580b187448\fabioz.vscode-pydev\pydev_ws
java_class_path (initial): c:\Users\HP\.vscode\extensions\fabioz.vscode-pydev-0.16.0\server\plugins\org.eclipse.equinox.launcher_1.6.700.v20240213-1244.jar
Launcher Type: SUN_STANDARD

[Global flags]
     intx CICompilerCount                          = 3                                         {product} {ergonomic}
     uint ConcGCThreads                            = 1                                         {product} {ergonomic}
     uint G1ConcRefinementThreads                  = 4                                         {product} {ergonomic}
   size_t G1HeapRegionSize                         = 1048576                                   {product} {ergonomic}
    uintx GCDrainStackTargetSize                   = 64                                        {product} {ergonomic}
   size_t InitialHeapSize                          = 67108864                                  {product} {ergonomic}
   size_t MarkStackSize                            = 4194304                                   {product} {ergonomic}
   size_t MaxHeapSize                              = 1073741824                                {product} {command line}
   size_t MaxNewSize                               = 643825664                                 {product} {ergonomic}
   size_t MinHeapDeltaBytes                        = 1048576                                   {product} {ergonomic}
   size_t MinHeapSize                              = 8388608                                   {product} {ergonomic}
    uintx NonNMethodCodeHeapSize                   = 5832780                                {pd product} {ergonomic}
    uintx NonProfiledCodeHeapSize                  = 122912730                              {pd product} {ergonomic}
    uintx ProfiledCodeHeapSize                     = 122912730                              {pd product} {ergonomic}
    uintx ReservedCodeCacheSize                    = 251658240                              {pd product} {ergonomic}
     bool SegmentedCodeCache                       = true                                      {product} {ergonomic}
   size_t SoftMaxHeapSize                          = 1073741824                             {manageable} {ergonomic}
     bool UseCompressedClassPointers               = true                           {product lp64_product} {ergonomic}
     bool UseCompressedOops                        = true                           {product lp64_product} {ergonomic}
     bool UseG1GC                                  = true                                      {product} {command line}
     bool UseLargePagesIndividualAllocation        = false                                  {pd product} {ergonomic}
     bool UseStringDeduplication                   = true                                      {product} {command line}

Logging:
Log output configuration:
 #0: stdout all=warning uptime,level,tags foldmultilines=false
 #1: stderr all=off uptime,level,tags foldmultilines=false

Environment Variables:
PATH=C:\WINDOWS\system32;C:\WINDOWS;C:\WINDOWS\System32\Wbem;C:\WINDOWS\System32\WindowsPowerShell\v1.0\;C:\WINDOWS\System32\OpenSSH\;C:\Program Files\Git\cmd;C:\Program Files\nodejs\;C:\Users\HP\.local\bin;C:\Users\HP\AppData\Local\Microsoft\WindowsApps;C:\Users\HP\AppData\Local\Programs\Microsoft VS Code\bin;C:\Users\HP\AppData\Roaming\npm
USERNAME=HP
OS=Windows_NT
PROCESSOR_IDENTIFIER=Intel64 Family 6 Model 78 Stepping 3, GenuineIntel
TMP=C:\Users\HP\AppData\Local\Temp
TEMP=C:\Users\HP\AppData\Local\Temp



---------------  S Y S T E M  ---------------

OS:
 Windows 10 , 64 bit Build 18362 (10.0.18362.1500)
OS uptime: 8 days 18:38 hours

CPU: total 4 (initial active 4) (2 cores per cpu, 2 threads per core) family 6 model 78 stepping 3 microcode 0xd6, cx8, cmov, fxsr, ht, mmx, 3dnowpref, sse, sse2, sse3, ssse3, sse4.1, sse4.2, popcnt, lzcnt, tsc, tscinvbit, avx, avx2, aes, erms, clmul, bmi1, bmi2, adx, fma, vzeroupper, clflush, clflushopt, rdtscp

Memory: 4k page, system-wide physical 3993M (31M free)
TotalPageFile size 16281M (AvailPageFile size 174M)
current process WorkingSet (physical memory assigned to process): 192M, peak: 199M
current process commit charge ("private bytes"): 277M, peak: 472M

vm_info: OpenJDK 64-Bit Server VM (19.0.2+7) for windows-amd64 JRE (19.0.2+7), built on 2023-01-17T00:00:00Z by "temurin" with MS VC++ 16.7 (VS2019)

END.
